// Jest Snapshot v1, https://goo.gl/fbAQLP

exports[`[GET] /hobbits returns a list of hobbits 1`] = `
Array [
  Object {
    "id": 1,
    "name": "sam",
  },
  Object {
    "id": 2,
    "name": "frodo",
  },
]
`;
